// Jest Snapshot v1, https://goo.gl/fbAQLP

exports[`matches snapshot 1`] = `
<div
  className="cntr-segment"
>
  <div
    className="cntr-digit"
  >
    0
  </div>
  <div
    className="cntr-digit"
  >
    0
  </div>
  <div
    className="cntr-label"
  >
    days
  </div>
</div>
`;
